// Jest Snapshot v1, https://goo.gl/fbAQLP

exports[`TimerReset if resettable renders correctly 1`] = `
<div class="timer-reset"><span style="display:none;">
    reset
  </span></div>
`;

exports[`TimerReset unless resettable renders correctly 1`] = `
<div class="timer-reset"><span style="display:none;">
    reset
  </span></div>
`;
